\BOOKMARK [0][-]{section*.1}{\376\377\000H\000A\000L\000A\000M\000A\000N\000\040\000P\000E\000N\000G\000E\000S\000A\000H\000A\000N}{}% 1
\BOOKMARK [0][-]{section*.2}{\376\377\000R\000I\000N\000G\000K\000A\000S\000A\000N}{}% 2
\BOOKMARK [0][-]{section*.3}{\376\377\000P\000R\000A\000K\000A\000T\000A}{}% 3
\BOOKMARK [0][-]{section*.4}{\376\377\000D\000A\000F\000T\000A\000R\000\040\000I\000S\000I}{}% 4
\BOOKMARK [0][-]{section*.5}{\376\377\000D\000A\000F\000T\000A\000R\000\040\000T\000A\000B\000E\000L}{}% 5
\BOOKMARK [0][-]{section*.6}{\376\377\000D\000A\000F\000T\000A\000R\000\040\000G\000A\000M\000B\000A\000R}{}% 6
\BOOKMARK [0][-]{section*.7}{\376\377\000D\000A\000F\000T\000A\000R\000\040\000L\000A\000M\000P\000I\000R\000A\000N}{}% 7
\BOOKMARK [0][-]{chapter.1}{\376\377\000P\000E\000N\000D\000A\000H\000U\000L\000U\000A\000N}{}% 8
\BOOKMARK [1][-]{section.1.1}{\376\377\000L\000a\000t\000a\000r\000\040\000B\000e\000l\000a\000k\000a\000n\000g\000\040\000M\000a\000s\000a\000l\000a\000h}{chapter.1}% 9
\BOOKMARK [1][-]{section.1.2}{\376\377\000R\000u\000m\000u\000s\000a\000n\000\040\000M\000a\000s\000a\000l\000a\000h}{chapter.1}% 10
\BOOKMARK [1][-]{section.1.3}{\376\377\000T\000u\000j\000u\000a\000n\000\040\000P\000e\000n\000e\000l\000i\000t\000i\000a\000n}{chapter.1}% 11
\BOOKMARK [1][-]{section.1.4}{\376\377\000B\000a\000t\000a\000s\000a\000n\000\040\000M\000a\000s\000a\000l\000a\000h}{chapter.1}% 12
\BOOKMARK [1][-]{section.1.5}{\376\377\000M\000a\000n\000f\000a\000a\000t\000\040\000P\000e\000n\000e\000l\000i\000t\000i\000a\000n}{chapter.1}% 13
\BOOKMARK [1][-]{section.1.6}{\376\377\000S\000i\000s\000t\000e\000m\000a\000t\000i\000k\000a\000\040\000P\000e\000n\000u\000l\000i\000s\000a\000n}{chapter.1}% 14
\BOOKMARK [0][-]{chapter.2}{\376\377\000T\000I\000N\000J\000A\000U\000A\000N\000\040\000P\000U\000S\000T\000A\000K\000A}{}% 15
\BOOKMARK [1][-]{section.2.1}{\376\377\000S\000t\000a\000t\000e\000\040\000o\000f\000\040\000t\000h\000e\000\040\000A\000r\000t}{chapter.2}% 16
\BOOKMARK [1][-]{section.2.2}{\376\377\000P\000o\000i\000n\000t\000\040\000o\000f\000\040\000S\000a\000l\000e\000\040\000\050\000P\000O\000S\000\051}{chapter.2}% 17
\BOOKMARK [1][-]{section.2.3}{\376\377\000P\000e\000r\000a\000m\000a\000l\000a\000n\000\040\000D\000e\000r\000e\000t\000\040\000W\000a\000k\000t\000u\000\040\000\050\000T\000i\000m\000e\000\040\000S\000e\000r\000i\000e\000s\000\040\000F\000o\000r\000e\000c\000a\000s\000t\000i\000n\000g\000\051}{chapter.2}% 18
\BOOKMARK [1][-]{section.2.4}{\376\377\000M\000e\000t\000o\000d\000e\000\040\000S\000e\000a\000s\000o\000n\000a\000l\000-\000N\000a\000i\000v\000e}{chapter.2}% 19
\BOOKMARK [1][-]{section.2.5}{\376\377\000R\000e\000c\000u\000r\000r\000e\000n\000t\000\040\000N\000e\000u\000r\000a\000l\000\040\000N\000e\000t\000w\000o\000r\000k\000\040\000\050\000R\000N\000N\000\051}{chapter.2}% 20
\BOOKMARK [1][-]{section.2.6}{\376\377\000L\000o\000n\000g\000\040\000S\000h\000o\000r\000t\000-\000T\000e\000r\000m\000\040\000M\000e\000m\000o\000r\000y\000\040\000\050\000L\000S\000T\000M\000\051}{chapter.2}% 21
\BOOKMARK [1][-]{section.2.7}{\376\377\000P\000r\000a\000p\000r\000o\000s\000e\000s\000\040\000D\000a\000t\000a}{chapter.2}% 22
\BOOKMARK [1][-]{section.2.8}{\376\377\000M\000e\000t\000r\000i\000k\000\040\000E\000v\000a\000l\000u\000a\000s\000i}{chapter.2}% 23
\BOOKMARK [1][-]{section.2.9}{\376\377\000F\000l\000u\000t\000t\000e\000r}{chapter.2}% 24
\BOOKMARK [1][-]{section.2.10}{\376\377\000P\000e\000n\000g\000u\000j\000i\000a\000n\000\040\000B\000l\000a\000c\000k\000\040\000B\000o\000x}{chapter.2}% 25
\BOOKMARK [0][-]{chapter.3}{\376\377\000M\000E\000T\000O\000D\000E\000\040\000P\000E\000N\000Y\000E\000L\000E\000S\000A\000I\000A\000N\000\040\000P\000E\000N\000E\000L\000I\000T\000I\000A\000N}{}% 26
\BOOKMARK [1][-]{section.3.1}{\376\377\000A\000l\000u\000r\000\040\000P\000e\000n\000e\000l\000i\000t\000i\000a\000n}{chapter.3}% 27
\BOOKMARK [1][-]{section.3.2}{\376\377\000A\000n\000a\000l\000i\000s\000i\000s\000\040\000K\000e\000b\000u\000t\000u\000h\000a\000n\000\040\000S\000i\000s\000t\000e\000m}{chapter.3}% 28
\BOOKMARK [2][-]{subsection.3.2.1}{\376\377\000A\000n\000a\000l\000i\000s\000i\000s\000\040\000K\000e\000b\000u\000t\000u\000h\000a\000n\000\040\000F\000u\000n\000g\000s\000i\000o\000n\000a\000l}{section.3.2}% 29
\BOOKMARK [2][-]{subsection.3.2.2}{\376\377\000A\000n\000a\000l\000i\000s\000i\000s\000\040\000K\000e\000b\000u\000t\000u\000h\000a\000n\000\040\000N\000o\000n\000-\000F\000u\000n\000g\000s\000i\000o\000n\000a\000l}{section.3.2}% 30
\BOOKMARK [1][-]{section.3.3}{\376\377\000P\000e\000r\000a\000n\000c\000a\000n\000g\000a\000n\000\040\000S\000i\000s\000t\000e\000m}{chapter.3}% 31
\BOOKMARK [2][-]{subsection.3.3.1}{\376\377\000A\000r\000s\000i\000t\000e\000k\000t\000u\000r\000\040\000S\000i\000s\000t\000e\000m}{section.3.3}% 32
\BOOKMARK [2][-]{subsection.3.3.2}{\376\377\000P\000e\000m\000o\000d\000e\000l\000a\000n\000\040\000S\000i\000s\000t\000e\000m\000\040\000U\000n\000i\000f\000i\000e\000d\000\040\000M\000o\000d\000e\000l\000i\000n\000g\000\040\000L\000a\000n\000g\000u\000a\000g\000e\000\040\000\050\000U\000M\000L\000\051}{section.3.3}% 33
\BOOKMARK [2][-]{subsection.3.3.3}{\376\377\000P\000e\000r\000a\000n\000c\000a\000n\000g\000a\000n\000\040\000A\000n\000t\000a\000r\000m\000u\000k\000a\000\040\000P\000e\000n\000g\000g\000u\000n\000a\000\040\000\050\000U\000s\000e\000r\000\040\000I\000n\000t\000e\000r\000f\000a\000c\000e\000\051}{section.3.3}% 34
\BOOKMARK [1][-]{section.3.4}{\376\377\000D\000a\000t\000a\000\040\000d\000a\000n\000\040\000P\000e\000n\000g\000u\000m\000p\000u\000l\000a\000n\000\040\000D\000a\000t\000a}{chapter.3}% 35
\BOOKMARK [1][-]{section.3.5}{\376\377\000P\000e\000r\000a\000n\000c\000a\000n\000g\000a\000n\000\040\000M\000e\000t\000o\000d\000e\000\040\000P\000e\000n\000e\000l\000i\000t\000i\000a\000n}{chapter.3}% 36
\BOOKMARK [2][-]{subsection.3.5.1}{\376\377\000F\000l\000o\000w\000c\000h\000a\000r\000t\000\040\000P\000e\000n\000e\000r\000a\000p\000a\000n\000\040\000M\000e\000t\000o\000d\000e\000\040\000L\000o\000n\000g\000\040\000S\000h\000o\000r\000t\000-\000T\000e\000r\000m\000\040\000M\000e\000m\000o\000r\000y}{section.3.5}% 37
\BOOKMARK [2][-]{subsection.3.5.2}{\376\377\000F\000l\000o\000w\000c\000h\000a\000r\000t\000\040\000P\000e\000r\000h\000i\000t\000u\000n\000g\000a\000n\000\040\000S\000e\000l\000\040\000L\000o\000n\000g\000\040\000S\000h\000o\000r\000t\000-\000T\000e\000r\000m\000\040\000M\000e\000m\000o\000r\000y}{section.3.5}% 38
\BOOKMARK [2][-]{subsection.3.5.3}{\376\377\000P\000e\000r\000h\000i\000t\000u\000n\000g\000a\000n\000\040\000M\000e\000t\000r\000i\000k\000\040\000E\000v\000a\000l\000u\000a\000s\000i\000\040\000P\000e\000n\000g\000u\000j\000i\000a\000n}{section.3.5}% 39
\BOOKMARK [1][-]{section.3.6}{\376\377\000S\000k\000e\000n\000a\000r\000i\000o\000\040\000P\000e\000n\000g\000u\000j\000i\000a\000n\000\040\000M\000o\000d\000e\000l}{chapter.3}% 40
\BOOKMARK [2][-]{subsection.3.6.1}{\376\377\000P\000e\000n\000g\000u\000j\000i\000a\000n\000\040\000A\000k\000u\000r\000a\000s\000i\000\040\000M\000o\000d\000e\000l\000\040\000L\000S\000T\000M\000\040\000t\000e\000r\000h\000a\000d\000a\000p\000\040\000A\000m\000b\000a\000n\000g\000\040\000K\000e\000l\000a\000y\000a\000k\000a\000n}{section.3.6}% 41
\BOOKMARK [2][-]{subsection.3.6.2}{\376\377\000P\000e\000n\000g\000u\000j\000i\000a\000n\000\040\000S\000t\000a\000b\000i\000l\000i\000t\000a\000s\000\040\000M\000u\000l\000t\000i\000-\000S\000e\000e\000d}{section.3.6}% 42
\BOOKMARK [1][-]{section.3.7}{\376\377\000P\000e\000r\000a\000n\000c\000a\000n\000g\000a\000n\000\040\000P\000e\000n\000g\000u\000j\000i\000a\000n\000\040\000S\000i\000s\000t\000e\000m}{chapter.3}% 43
\BOOKMARK [2][-]{subsection.3.7.1}{\376\377\000P\000e\000r\000a\000n\000c\000a\000n\000g\000a\000n\000\040\000P\000e\000n\000g\000u\000j\000i\000a\000n\000\040\000B\000l\000a\000c\000k\000\040\000B\000o\000x}{section.3.7}% 44
\BOOKMARK [2][-]{subsection.3.7.2}{\376\377\000P\000e\000r\000a\000n\000c\000a\000n\000g\000a\000n\000\040\000P\000e\000n\000g\000u\000j\000i\000a\000n\000\040\000W\000h\000i\000t\000e\000\040\000B\000o\000x}{section.3.7}% 45
\BOOKMARK [0][-]{chapter.4}{\376\377\000H\000A\000S\000I\000L\000,\000\040\000P\000E\000M\000B\000A\000H\000A\000S\000A\000N\000\040\000D\000A\000N\000\040\000L\000U\000A\000R\000A\000N}{}% 46
\BOOKMARK [1][-]{section.4.1}{\376\377\000H\000a\000s\000i\000l\000\040\000I\000m\000p\000l\000e\000m\000e\000n\000t\000a\000s\000i\000\040\000S\000i\000s\000t\000e\000m}{chapter.4}% 47
\BOOKMARK [2][-]{subsection.4.1.1}{\376\377\000I\000m\000p\000l\000e\000m\000e\000n\000t\000a\000s\000i\000\040\000A\000n\000t\000a\000r\000m\000u\000k\000a\000\040\000A\000p\000l\000i\000k\000a\000s\000i\000\040\000M\000o\000b\000i\000l\000e}{section.4.1}% 48
\BOOKMARK [2][-]{subsection.4.1.2}{\376\377\000I\000m\000p\000l\000e\000m\000e\000n\000t\000a\000s\000i\000\040\000B\000a\000c\000k\000e\000n\000d\000\040\000d\000a\000n\000\040\000B\000a\000s\000i\000s\000\040\000D\000a\000t\000a\000\040\000C\000l\000o\000u\000d}{section.4.1}% 49
\BOOKMARK [2][-]{subsection.4.1.3}{\376\377\000I\000m\000p\000l\000e\000m\000e\000n\000t\000a\000s\000i\000\040\000L\000a\000y\000a\000n\000a\000n\000\040\000P\000r\000e\000d\000i\000k\000s\000i\000\040\000\050\000A\000P\000I\000\051}{section.4.1}% 50
\BOOKMARK [1][-]{section.4.2}{\376\377\000H\000a\000s\000i\000l\000\040\000I\000m\000p\000l\000e\000m\000e\000n\000t\000a\000s\000i\000\040\000P\000r\000a\000p\000r\000o\000s\000e\000s\000\040\000D\000a\000t\000a}{chapter.4}% 51
\BOOKMARK [2][-]{subsection.4.2.1}{\376\377\000D\000e\000s\000k\000r\000i\000p\000s\000i\000\040\000d\000a\000n\000\040\000E\000k\000s\000p\000l\000o\000r\000a\000s\000i\000\040\000A\000w\000a\000l\000\040\000D\000a\000t\000a\000s\000e\000t\000\040\000E\000a\000t\000s\000T\000E\000D\000I}{section.4.2}% 52
\BOOKMARK [2][-]{subsection.4.2.2}{\376\377\000P\000e\000n\000y\000a\000r\000i\000n\000g\000a\000n\000\040\000H\000a\000r\000i\000\040\000A\000k\000t\000i\000f\000\040\000d\000a\000n\000\040\000T\000r\000a\000n\000s\000f\000o\000r\000m\000a\000s\000i\000\040\000T\000a\000r\000g\000e\000t\000\040\000L\000o\000g\000-\000R\000e\000t\000u\000r\000n}{section.4.2}% 53
\BOOKMARK [2][-]{subsection.4.2.3}{\376\377\000P\000e\000m\000b\000e\000n\000t\000u\000k\000a\000n\000\040\000S\000e\000q\000u\000e\000n\000c\000e\000\040\000d\000a\000n\000\040\000P\000e\000m\000b\000a\000g\000i\000a\000n\000\040\000D\000a\000t\000a\000s\000e\000t}{section.4.2}% 54
\BOOKMARK [1][-]{section.4.3}{\376\377\000H\000a\000s\000i\000l\000\040\000I\000m\000p\000l\000e\000m\000e\000n\000t\000a\000s\000i\000\040\000M\000e\000k\000a\000n\000i\000s\000m\000e\000\040\000P\000r\000e\000d\000i\000k\000s\000i}{chapter.4}% 55
\BOOKMARK [2][-]{subsection.4.3.1}{\376\377\000I\000m\000p\000l\000e\000m\000e\000n\000t\000a\000s\000i\000\040\000A\000r\000s\000i\000t\000e\000k\000t\000u\000r\000\040\000M\000o\000d\000e\000l\000\040\000L\000S\000T\000M}{section.4.3}% 56
\BOOKMARK [2][-]{subsection.4.3.2}{\376\377\000H\000a\000s\000i\000l\000\040\000P\000e\000l\000a\000t\000i\000h\000a\000n\000\040\000M\000o\000d\000e\000l}{section.4.3}% 57
\BOOKMARK [2][-]{subsection.4.3.3}{\376\377\000I\000m\000p\000l\000e\000m\000e\000n\000t\000a\000s\000i\000\040\000P\000r\000e\000d\000i\000k\000s\000i\000\040\000R\000e\000k\000u\000r\000s\000i\000f\000\040\000M\000u\000l\000t\000i\000-\000L\000a\000n\000g\000k\000a\000h}{section.4.3}% 58
\BOOKMARK [2][-]{subsection.4.3.4}{\376\377\000I\000m\000p\000l\000e\000m\000e\000n\000t\000a\000s\000i\000\040\000F\000u\000n\000g\000s\000i\000\040\000M\000e\000t\000r\000i\000k\000\040\000E\000v\000a\000l\000u\000a\000s\000i}{section.4.3}% 59
\BOOKMARK [1][-]{section.4.4}{\376\377\000H\000a\000s\000i\000l\000\040\000P\000e\000n\000g\000u\000j\000i\000a\000n\000\040\000M\000o\000d\000e\000l\000\040\000t\000e\000r\000h\000a\000d\000a\000p\000\040\000S\000k\000e\000n\000a\000r\000i\000o\000\040\000P\000e\000n\000g\000u\000j\000i\000a\000n}{chapter.4}% 60
\BOOKMARK [2][-]{subsection.4.4.1}{\376\377\000P\000e\000n\000g\000u\000j\000i\000a\000n\000\040\000A\000k\000u\000r\000a\000s\000i\000\040\000M\000o\000d\000e\000l\000\040\000L\000S\000T\000M\000\040\000t\000e\000r\000h\000a\000d\000a\000p\000\040\000A\000m\000b\000a\000n\000g\000\040\000K\000e\000l\000a\000y\000a\000k\000a\000n}{section.4.4}% 61
\BOOKMARK [2][-]{subsection.4.4.2}{\376\377\000P\000e\000n\000g\000u\000j\000i\000a\000n\000\040\000S\000t\000a\000b\000i\000l\000i\000t\000a\000s\000\040\000M\000o\000d\000e\000l\000\040\000m\000e\000l\000a\000l\000u\000i\000\040\000M\000u\000l\000t\000i\000-\000S\000e\000e\000d}{section.4.4}% 62
\BOOKMARK [2][-]{subsection.4.4.3}{\376\377\000R\000e\000k\000a\000p\000i\000t\000u\000l\000a\000s\000i\000\040\000H\000a\000s\000i\000l\000\040\000K\000e\000d\000u\000a\000\040\000S\000k\000e\000n\000a\000r\000i\000o}{section.4.4}% 63
\BOOKMARK [1][-]{section.4.5}{\376\377\000H\000a\000s\000i\000l\000\040\000P\000e\000n\000g\000u\000j\000i\000a\000n\000\040\000S\000i\000s\000t\000e\000m}{chapter.4}% 64
\BOOKMARK [2][-]{subsection.4.5.1}{\376\377\000H\000a\000s\000i\000l\000\040\000P\000e\000n\000g\000u\000j\000i\000a\000n\000\040\000B\000l\000a\000c\000k\000\040\000B\000o\000x}{section.4.5}% 65
\BOOKMARK [2][-]{subsection.4.5.2}{\376\377\000H\000a\000s\000i\000l\000\040\000P\000e\000n\000g\000u\000j\000i\000a\000n\000\040\000M\000e\000k\000a\000n\000i\000s\000m\000e\000\040\000S\000i\000n\000k\000r\000o\000n\000i\000s\000a\000s\000i\000\040\000O\000f\000f\000l\000i\000n\000e\000-\000F\000i\000r\000s\000t}{section.4.5}% 66
\BOOKMARK [2][-]{subsection.4.5.3}{\376\377\000H\000a\000s\000i\000l\000\040\000P\000e\000n\000g\000u\000j\000i\000a\000n\000\040\000W\000h\000i\000t\000e\000\040\000B\000o\000x}{section.4.5}% 67
\BOOKMARK [1][-]{section.4.6}{\376\377\000P\000e\000m\000b\000a\000h\000a\000s\000a\000n\000\040\000U\000m\000u\000m\000\040\000d\000a\000n\000\040\000P\000o\000s\000i\000s\000i\000\040\000T\000e\000m\000u\000a\000n}{chapter.4}% 68
\BOOKMARK [2][-]{subsection.4.6.1}{\376\377\000R\000e\000k\000o\000m\000e\000n\000d\000a\000s\000i\000\040\000P\000r\000a\000k\000t\000i\000s}{section.4.6}% 69
\BOOKMARK [2][-]{subsection.4.6.2}{\376\377\000P\000o\000s\000i\000s\000i\000\040\000T\000e\000m\000u\000a\000n\000\040\000t\000e\000r\000h\000a\000d\000a\000p\000\040\000P\000e\000n\000e\000l\000i\000t\000i\000a\000n\000\040\000T\000e\000r\000d\000a\000h\000u\000l\000u}{section.4.6}% 70
\BOOKMARK [1][-]{section.4.7}{\376\377\000K\000e\000t\000e\000r\000b\000a\000t\000a\000s\000a\000n\000\040\000S\000i\000s\000t\000e\000m\000\040\000d\000a\000n\000\040\000P\000e\000n\000e\000l\000i\000t\000i\000a\000n}{chapter.4}% 71
\BOOKMARK [2][-]{subsection.4.7.1}{\376\377\000K\000e\000t\000e\000r\000b\000a\000t\000a\000s\000a\000n\000\040\000S\000i\000s\000t\000e\000m\000\040\000P\000O\000S}{section.4.7}% 72
\BOOKMARK [2][-]{subsection.4.7.2}{\376\377\000K\000e\000t\000e\000r\000b\000a\000t\000a\000s\000a\000n\000\040\000P\000e\000n\000e\000l\000i\000t\000i\000a\000n\000\040\000M\000o\000d\000e\000l\000\040\000P\000r\000e\000d\000i\000k\000s\000i}{section.4.7}% 73
\BOOKMARK [0][-]{chapter.5}{\376\377\000K\000E\000S\000I\000M\000P\000U\000L\000A\000N\000\040\000D\000A\000N\000\040\000S\000A\000R\000A\000N}{}% 74
\BOOKMARK [1][-]{section.5.1}{\376\377\000K\000e\000s\000i\000m\000p\000u\000l\000a\000n}{chapter.5}% 75
\BOOKMARK [1][-]{section.5.2}{\376\377\000S\000a\000r\000a\000n}{chapter.5}% 76
\BOOKMARK [0][-]{section*.87}{\376\377\000D\000A\000F\000T\000A\000R\000\040\000P\000U\000S\000T\000A\000K\000A}{}% 77
