\BOOKMARK [0][-]{section*.1}{\376\377\000D\000A\000F\000T\000A\000R\000\040\000I\000S\000I}{}% 1
\BOOKMARK [0][-]{section*.2}{\376\377\000D\000A\000F\000T\000A\000R\000\040\000G\000A\000M\000B\000A\000R}{}% 2
\BOOKMARK [0][-]{section*.3}{\376\377\000D\000A\000F\000T\000A\000R\000\040\000T\000A\000B\000E\000L}{}% 3
\BOOKMARK [0][-]{chapter.1}{\376\377\000P\000E\000N\000D\000A\000H\000U\000L\000U\000A\000N}{}% 4
\BOOKMARK [1][-]{section.1.1}{\376\377\000L\000a\000t\000a\000r\000\040\000B\000e\000l\000a\000k\000a\000n\000g}{chapter.1}% 5
\BOOKMARK [1][-]{section.1.2}{\376\377\000R\000u\000m\000u\000s\000a\000n\000\040\000M\000a\000s\000a\000l\000a\000h}{chapter.1}% 6
\BOOKMARK [1][-]{section.1.3}{\376\377\000T\000u\000j\000u\000a\000n\000\040\000P\000e\000n\000e\000l\000i\000t\000i\000a\000n}{chapter.1}% 7
\BOOKMARK [1][-]{section.1.4}{\376\377\000B\000a\000t\000a\000s\000a\000n\000\040\000M\000a\000s\000a\000l\000a\000h}{chapter.1}% 8
\BOOKMARK [1][-]{section.1.5}{\376\377\000M\000a\000n\000f\000a\000a\000t\000\040\000P\000e\000n\000e\000l\000i\000t\000i\000a\000n}{chapter.1}% 9
\BOOKMARK [1][-]{section.1.6}{\376\377\000S\000i\000s\000t\000e\000m\000a\000t\000i\000k\000a\000\040\000P\000e\000n\000u\000l\000i\000s\000a\000n}{chapter.1}% 10
\BOOKMARK [0][-]{chapter.2}{\376\377\000T\000I\000N\000J\000A\000U\000A\000N\000\040\000P\000U\000S\000T\000A\000K\000A}{}% 11
\BOOKMARK [1][-]{section.2.1}{\376\377\000S\000t\000a\000t\000e\000\040\000O\000f\000\040\000T\000h\000e\000\040\000A\000r\000t}{chapter.2}% 12
\BOOKMARK [1][-]{section.2.2}{\376\377\000S\000i\000s\000t\000e\000m\000\040\000P\000o\000i\000n\000t\000\040\000o\000f\000\040\000S\000a\000l\000e\000\040\000\050\000P\000O\000S\000\051}{chapter.2}% 13
\BOOKMARK [1][-]{section.2.3}{\376\377\000P\000e\000r\000a\000m\000a\000l\000a\000n\000\040\000P\000e\000n\000j\000u\000a\000l\000a\000n\000\040\000\050\000F\000o\000r\000e\000c\000a\000s\000t\000i\000n\000g\000\051}{chapter.2}% 14
\BOOKMARK [1][-]{section.2.4}{\376\377\000A\000r\000s\000i\000t\000e\000k\000t\000u\000r\000\040\000L\000o\000n\000g\000\040\000S\000h\000o\000r\000t\000-\000T\000e\000r\000m\000\040\000M\000e\000m\000o\000r\000y\000\040\000\050\000L\000S\000T\000M\000\051}{chapter.2}% 15
\BOOKMARK [1][-]{section.2.5}{\376\377\000F\000r\000a\000m\000e\000w\000o\000r\000k\000\040\000F\000l\000u\000t\000t\000e\000r\000\040\000d\000a\000n\000\040\000B\000a\000h\000a\000s\000a\000\040\000D\000a\000r\000t}{chapter.2}% 16
\BOOKMARK [1][-]{section.2.6}{\376\377\000L\000a\000y\000a\000n\000a\000n\000\040\000S\000u\000p\000a\000b\000a\000s\000e\000\040\000d\000a\000n\000\040\000I\000n\000t\000e\000g\000r\000a\000s\000i\000\040\000C\000l\000o\000u\000d}{chapter.2}% 17
\BOOKMARK [1][-]{section.2.7}{\376\377\000I\000s\000a\000r\000\040\000D\000a\000t\000a\000b\000a\000s\000e\000\040\000\050\000L\000o\000c\000a\000l\000\040\000S\000t\000o\000r\000a\000g\000e\000\051}{chapter.2}% 18
\BOOKMARK [1][-]{section.2.8}{\376\377\000P\000y\000t\000h\000o\000n\000\040\000d\000a\000n\000\040\000T\000e\000n\000s\000o\000r\000F\000l\000o\000w}{chapter.2}% 19
\BOOKMARK [0][-]{chapter.3}{\376\377\000M\000E\000T\000O\000D\000O\000L\000O\000G\000I\000\040\000P\000E\000N\000E\000L\000I\000T\000I\000A\000N}{}% 20
\BOOKMARK [1][-]{section.3.1}{\376\377\000D\000a\000t\000a\000\040\000d\000a\000n\000\040\000P\000e\000n\000g\000u\000m\000p\000u\000l\000a\000n\000\040\000D\000a\000t\000a}{chapter.3}% 21
\BOOKMARK [1][-]{section.3.2}{\376\377\000M\000e\000t\000o\000d\000e\000\040\000P\000e\000n\000e\000l\000i\000t\000i\000a\000n}{chapter.3}% 22
\BOOKMARK [1][-]{section.3.3}{\376\377\000R\000a\000n\000c\000a\000n\000g\000a\000n\000\040\000S\000i\000s\000t\000e\000m}{chapter.3}% 23
\BOOKMARK [2][-]{subsection.3.3.1}{\376\377\000A\000r\000s\000i\000t\000e\000k\000t\000u\000r\000\040\000S\000i\000s\000t\000e\000m}{section.3.3}% 24
\BOOKMARK [2][-]{subsection.3.3.2}{\376\377\000U\000s\000e\000\040\000C\000a\000s\000e\000\040\000D\000i\000a\000g\000r\000a\000m}{section.3.3}% 25
\BOOKMARK [2][-]{subsection.3.3.3}{\376\377\000E\000n\000t\000i\000t\000y\000\040\000R\000e\000l\000a\000t\000i\000o\000n\000s\000h\000i\000p\000\040\000D\000i\000a\000g\000r\000a\000m\000\040\000\050\000E\000R\000D\000\051}{section.3.3}% 26
\BOOKMARK [1][-]{section.3.4}{\376\377\000P\000r\000e\000p\000r\000o\000c\000e\000s\000s\000i\000n\000g\000\040\000D\000a\000t\000a}{chapter.3}% 27
\BOOKMARK [1][-]{section.3.5}{\376\377\000P\000e\000r\000a\000n\000c\000a\000n\000g\000a\000n\000\040\000W\000i\000r\000e\000f\000r\000a\000m\000e}{chapter.3}% 28
\BOOKMARK [1][-]{section.3.6}{\376\377\000M\000e\000t\000o\000d\000e\000\040\000d\000a\000n\000\040\000V\000a\000r\000i\000a\000b\000e\000l\000\040\000P\000e\000n\000e\000l\000i\000t\000i\000a\000n}{chapter.3}% 29
\BOOKMARK [2][-]{subsection.3.6.1}{\376\377\000A\000l\000u\000r\000\040\000P\000e\000n\000e\000l\000i\000t\000i\000a\000n}{section.3.6}% 30
\BOOKMARK [2][-]{subsection.3.6.2}{\376\377\000V\000a\000r\000i\000a\000b\000e\000l\000\040\000P\000e\000n\000e\000l\000i\000t\000i\000a\000n}{section.3.6}% 31
\BOOKMARK [2][-]{subsection.3.6.3}{\376\377\000R\000a\000n\000c\000a\000n\000g\000a\000n\000\040\000A\000l\000g\000o\000r\000i\000t\000m\000a\000\040\000L\000o\000n\000g\000\040\000S\000h\000o\000r\000t\000-\000T\000e\000r\000m\000\040\000M\000e\000m\000o\000r\000y\000\040\000\050\000L\000S\000T\000M\000\051}{section.3.6}% 32
\BOOKMARK [1][-]{section.3.7}{\376\377\000T\000e\000k\000n\000i\000k\000\040\000P\000e\000n\000g\000u\000j\000i\000a\000n}{chapter.3}% 33
\BOOKMARK [2][-]{subsection.3.7.1}{\376\377\000R\000a\000n\000c\000a\000n\000g\000a\000n\000\040\000P\000e\000n\000g\000u\000j\000i\000a\000n\000\040\000E\000v\000a\000l\000u\000a\000s\000i\000\040\000M\000o\000d\000e\000l\000\040\000P\000r\000e\000d\000i\000k\000s\000i}{section.3.7}% 34
\BOOKMARK [2][-]{subsection.3.7.2}{\376\377\000R\000a\000n\000c\000a\000n\000g\000a\000n\000\040\000A\000n\000a\000l\000i\000s\000i\000s\000\040\000P\000e\000n\000g\000u\000j\000i\000a\000n\000\040\000B\000l\000a\000c\000k\000\040\000B\000o\000x}{section.3.7}% 35
\BOOKMARK [1][-]{section.3.8}{\376\377\000H\000a\000s\000i\000l\000\040\000y\000a\000n\000g\000\040\000D\000i\000h\000a\000r\000a\000p\000k\000a\000n}{chapter.3}% 36
\BOOKMARK [0][-]{chapter.4}{\376\377\000H\000A\000S\000I\000L\000\040\000D\000A\000N\000\040\000P\000E\000M\000B\000A\000H\000A\000S\000A\000N}{}% 37
\BOOKMARK [1][-]{section.4.1}{\376\377\000H\000a\000s\000i\000l\000\040\000I\000m\000p\000l\000e\000m\000e\000n\000t\000a\000s\000i\000\040\000S\000i\000s\000t\000e\000m}{chapter.4}% 38
\BOOKMARK [2][-]{subsection.4.1.1}{\376\377\000I\000m\000p\000l\000e\000m\000e\000n\000t\000a\000s\000i\000\040\000A\000p\000l\000i\000k\000a\000s\000i\000\040\000M\000o\000b\000i\000l\000e\000\040\000\050\000F\000l\000u\000t\000t\000e\000r\000\051}{section.4.1}% 39
\BOOKMARK [2][-]{subsection.4.1.2}{\376\377\000I\000m\000p\000l\000e\000m\000e\000n\000t\000a\000s\000i\000\040\000C\000l\000o\000u\000d\000\040\000B\000a\000c\000k\000e\000n\000d\000\040\000\050\000S\000u\000p\000a\000b\000a\000s\000e\000\040\000P\000o\000s\000t\000g\000r\000e\000S\000Q\000L\000\051}{section.4.1}% 40
\BOOKMARK [2][-]{subsection.4.1.3}{\376\377\000I\000m\000p\000l\000e\000m\000e\000n\000t\000a\000s\000i\000\040\000M\000o\000d\000u\000l\000\040\000A\000I\000\040\000P\000r\000e\000d\000i\000k\000s\000i\000\040\000P\000e\000n\000j\000u\000a\000l\000a\000n\000\040\000\050\000P\000y\000t\000h\000o\000n\000\040\000\046\000\040\000T\000e\000n\000s\000o\000r\000F\000l\000o\000w\000\051}{section.4.1}% 41
\BOOKMARK [1][-]{section.4.2}{\376\377\000H\000a\000s\000i\000l\000\040\000P\000e\000n\000g\000u\000j\000i\000a\000n\000\040\000S\000i\000s\000t\000e\000m}{chapter.4}% 42
\BOOKMARK [2][-]{subsection.4.2.1}{\376\377\000H\000a\000s\000i\000l\000\040\000P\000e\000n\000g\000u\000j\000i\000a\000n\000\040\000B\000l\000a\000c\000k\000\040\000B\000o\000x}{section.4.2}% 43
\BOOKMARK [2][-]{subsection.4.2.2}{\376\377\000H\000a\000s\000i\000l\000\040\000P\000e\000n\000g\000u\000j\000i\000a\000n\000\040\000A\000k\000u\000r\000a\000s\000i\000\040\000M\000o\000d\000e\000l\000\040\000P\000r\000e\000d\000i\000k\000s\000i\000\040\000L\000S\000T\000M}{section.4.2}% 44
\BOOKMARK [2][-]{subsection.4.2.3}{\376\377\000H\000a\000s\000i\000l\000\040\000P\000e\000n\000g\000u\000j\000i\000a\000n\000\040\000S\000i\000n\000k\000r\000o\000n\000i\000s\000a\000s\000i\000\040\000O\000f\000f\000l\000i\000n\000e\000-\000F\000i\000r\000s\000t}{section.4.2}% 45
\BOOKMARK [1][-]{section.4.3}{\376\377\000P\000e\000m\000b\000a\000h\000a\000s\000a\000n}{chapter.4}% 46
\BOOKMARK [2][-]{subsection.4.3.1}{\376\377\000P\000e\000m\000b\000a\000h\000a\000s\000a\000n\000\040\000P\000e\000n\000g\000u\000j\000i\000a\000n\000\040\000F\000u\000n\000g\000s\000i\000o\000n\000a\000l\000\040\000d\000a\000n\000\040\000A\000r\000s\000i\000t\000e\000k\000t\000u\000r\000\040\000O\000f\000f\000l\000i\000n\000e\000-\000F\000i\000r\000s\000t}{section.4.3}% 47
\BOOKMARK [2][-]{subsection.4.3.2}{\376\377\000P\000e\000m\000b\000a\000h\000a\000s\000a\000n\000\040\000H\000a\000s\000i\000l\000\040\000P\000r\000e\000d\000i\000k\000s\000i\000\040\000P\000e\000n\000j\000u\000a\000l\000a\000n\000\040\000L\000S\000T\000M}{section.4.3}% 48
\BOOKMARK [1][-]{section.4.4}{\376\377\000K\000e\000t\000e\000r\000b\000a\000t\000a\000s\000a\000n\000\040\000S\000i\000s\000t\000e\000m}{chapter.4}% 49
\BOOKMARK [0][-]{chapter.5}{\376\377\000K\000E\000S\000I\000M\000P\000U\000L\000A\000N\000\040\000D\000A\000N\000\040\000S\000A\000R\000A\000N}{}% 50
\BOOKMARK [1][-]{section.5.1}{\376\377\000K\000e\000s\000i\000m\000p\000u\000l\000a\000n}{chapter.5}% 51
\BOOKMARK [1][-]{section.5.2}{\376\377\000S\000a\000r\000a\000n}{chapter.5}% 52
