\BOOKMARK [0][-]{section*.1}{\376\377\000P\000E\000N\000G\000E\000S\000A\000H\000A\000N\000\040\000P\000E\000M\000B\000I\000M\000B\000I\000N\000G}{}% 1
\BOOKMARK [0][-]{section*.2}{\376\377\000P\000E\000N\000G\000E\000S\000A\000H\000A\000N\000\040\000P\000E\000N\000G\000U\000J\000I}{}% 2
\BOOKMARK [0][-]{section*.3}{\376\377\000H\000A\000L\000A\000M\000A\000N\000\040\000P\000E\000R\000N\000Y\000A\000T\000A\000A\000N}{}% 3
\BOOKMARK [0][-]{section*.4}{\376\377\000K\000A\000T\000A\000\040\000P\000E\000N\000G\000A\000N\000T\000A\000R}{}% 4
\BOOKMARK [0][-]{section*.5}{\376\377\000A\000B\000S\000T\000R\000A\000K}{}% 5
\BOOKMARK [0][-]{section*.6}{\376\377\000A\000B\000S\000T\000R\000A\000C\000T}{}% 6
\BOOKMARK [0][-]{section*.7}{\376\377\000D\000A\000F\000T\000A\000R\000\040\000I\000S\000I}{}% 7
\BOOKMARK [0][-]{section*.8}{\376\377\000D\000A\000F\000T\000A\000R\000\040\000G\000A\000M\000B\000A\000R}{}% 8
\BOOKMARK [0][-]{section*.9}{\376\377\000D\000A\000F\000T\000A\000R\000\040\000T\000A\000B\000E\000L}{}% 9
\BOOKMARK [0][-]{chapter.1}{\376\377\000P\000E\000N\000D\000A\000H\000U\000L\000U\000A\000N}{}% 10
\BOOKMARK [1][-]{section.1.1}{\376\377\000L\000a\000t\000a\000r\000\040\000B\000e\000l\000a\000k\000a\000n\000g\000\040\000M\000a\000s\000a\000l\000a\000h}{chapter.1}% 11
\BOOKMARK [1][-]{section.1.2}{\376\377\000R\000u\000m\000u\000s\000a\000n\000\040\000M\000a\000s\000a\000l\000a\000h}{chapter.1}% 12
\BOOKMARK [1][-]{section.1.3}{\376\377\000T\000u\000j\000u\000a\000n\000\040\000P\000e\000n\000e\000l\000i\000t\000i\000a\000n}{chapter.1}% 13
\BOOKMARK [1][-]{section.1.4}{\376\377\000B\000a\000t\000a\000s\000a\000n\000\040\000M\000a\000s\000a\000l\000a\000h}{chapter.1}% 14
\BOOKMARK [1][-]{section.1.5}{\376\377\000M\000a\000n\000f\000a\000a\000t\000\040\000P\000e\000n\000e\000l\000i\000t\000i\000a\000n}{chapter.1}% 15
\BOOKMARK [1][-]{section.1.6}{\376\377\000S\000i\000s\000t\000e\000m\000a\000t\000i\000k\000a\000\040\000P\000e\000n\000u\000l\000i\000s\000a\000n}{chapter.1}% 16
\BOOKMARK [0][-]{chapter.2}{\376\377\000T\000I\000N\000J\000A\000U\000A\000N\000\040\000P\000U\000S\000T\000A\000K\000A}{}% 17
\BOOKMARK [1][-]{section.2.1}{\376\377\000S\000t\000a\000t\000e\000\040\000o\000f\000\040\000t\000h\000e\000\040\000A\000r\000t}{chapter.2}% 18
\BOOKMARK [1][-]{section.2.2}{\376\377\000T\000i\000n\000j\000a\000u\000a\000n\000\040\000T\000e\000o\000r\000i\000t\000i\000s}{chapter.2}% 19
\BOOKMARK [2][-]{subsection.2.2.1}{\376\377\000P\000o\000i\000n\000t\000\040\000o\000f\000\040\000S\000a\000l\000e\000\040\000\050\000P\000O\000S\000\051}{section.2.2}% 20
\BOOKMARK [2][-]{subsection.2.2.2}{\376\377\000P\000e\000r\000a\000m\000a\000l\000a\000n\000\040\000D\000e\000r\000e\000t\000\040\000W\000a\000k\000t\000u\000\040\000\050\000T\000i\000m\000e\000\040\000S\000e\000r\000i\000e\000s\000\040\000F\000o\000r\000e\000c\000a\000s\000t\000i\000n\000g\000\051}{section.2.2}% 21
\BOOKMARK [2][-]{subsection.2.2.3}{\376\377\000M\000e\000t\000o\000d\000e\000\040\000S\000e\000a\000s\000o\000n\000a\000l\000-\000N\000a\000i\000v\000e}{section.2.2}% 22
\BOOKMARK [2][-]{subsection.2.2.4}{\376\377\000R\000e\000c\000u\000r\000r\000e\000n\000t\000\040\000N\000e\000u\000r\000a\000l\000\040\000N\000e\000t\000w\000o\000r\000k\000\040\000\050\000R\000N\000N\000\051}{section.2.2}% 23
\BOOKMARK [2][-]{subsection.2.2.5}{\376\377\000L\000o\000n\000g\000\040\000S\000h\000o\000r\000t\000-\000T\000e\000r\000m\000\040\000M\000e\000m\000o\000r\000y\000\040\000\050\000L\000S\000T\000M\000\051}{section.2.2}% 24
\BOOKMARK [2][-]{subsection.2.2.6}{\376\377\000P\000r\000a\000p\000r\000o\000s\000e\000s\000\040\000D\000a\000t\000a}{section.2.2}% 25
\BOOKMARK [2][-]{subsection.2.2.7}{\376\377\000M\000e\000t\000r\000i\000k\000\040\000E\000v\000a\000l\000u\000a\000s\000i}{section.2.2}% 26
\BOOKMARK [2][-]{subsection.2.2.8}{\376\377\000F\000l\000u\000t\000t\000e\000r}{section.2.2}% 27
\BOOKMARK [2][-]{subsection.2.2.9}{\376\377\000P\000e\000n\000g\000u\000j\000i\000a\000n\000\040\000B\000l\000a\000c\000k\000\040\000B\000o\000x}{section.2.2}% 28
\BOOKMARK [0][-]{chapter.3